[     349ms] [INFO] %cDownload the React DevTools for a better development experience: https://react.dev/link/react-devtools font-weight:bold @ http://localhost:3000/_next/static/chunks/1l_l_next_dist_1hdtlhn._.js:2477
[     363ms] [LOG] [HMR] connected @ http://localhost:3000/_next/static/chunks/1l_l_next_dist_1hdtlhn._.js:2477
[   18802ms] [LOG] %clow-contrast%c 3.5:1 (need 4.5:1) — text #8b8579 on #faf9f6 color: oklch(84% 0.19 80.46); font-weight: bold color: inherit JSHandle@node @ http://localhost:3000/_next/static/chunks/1l_l_next_dist_1hdtlhn._.js:2477
[   18802ms] [LOG] %cline-length%c ~96 chars/line (aim for <80) color: oklch(84% 0.19 80.46); font-weight: bold color: inherit JSHandle@node @ http://localhost:3000/_next/static/chunks/1l_l_next_dist_1hdtlhn._.js:2477
[   18802ms] [LOG] %clow-contrast%c 3.5:1 (need 4.5:1) — text #8b8579 on #faf9f6 color: oklch(84% 0.19 80.46); font-weight: bold color: inherit JSHandle@node @ http://localhost:3000/_next/static/chunks/1l_l_next_dist_1hdtlhn._.js:2477
[   18802ms] [LOG] %clow-contrast%c 3.5:1 (need 4.5:1) — text #8b8579 on #faf9f6 color: oklch(84% 0.19 80.46); font-weight: bold color: inherit JSHandle@node @ http://localhost:3000/_next/static/chunks/1l_l_next_dist_1hdtlhn._.js:2477
[   18802ms] [LOG] %cline-length%c ~112 chars/line (aim for <80) color: oklch(84% 0.19 80.46); font-weight: bold color: inherit JSHandle@node @ http://localhost:3000/_next/static/chunks/1l_l_next_dist_1hdtlhn._.js:2477
[   18802ms] [LOG] %clow-contrast%c 3.5:1 (need 4.5:1) — text #8b8579 on #faf9f6 color: oklch(84% 0.19 80.46); font-weight: bold color: inherit JSHandle@node @ http://localhost:3000/_next/static/chunks/1l_l_next_dist_1hdtlhn._.js:2477
[   18803ms] [LOG] %clow-contrast%c 3.5:1 (need 4.5:1) — text #8b8579 on #faf9f6 color: oklch(84% 0.19 80.46); font-weight: bold color: inherit JSHandle@node @ http://localhost:3000/_next/static/chunks/1l_l_next_dist_1hdtlhn._.js:2477
[   18803ms] [LOG] %clow-contrast%c 3.5:1 (need 4.5:1) — text #8b8579 on #faf9f6 color: oklch(84% 0.19 80.46); font-weight: bold color: inherit JSHandle@node @ http://localhost:3000/_next/static/chunks/1l_l_next_dist_1hdtlhn._.js:2477
[   18803ms] [LOG] %clow-contrast%c 3.5:1 (need 4.5:1) — text #8b8579 on #faf9f6 color: oklch(84% 0.19 80.46); font-weight: bold color: inherit JSHandle@node @ http://localhost:3000/_next/static/chunks/1l_l_next_dist_1hdtlhn._.js:2477
[   18803ms] [LOG] %clow-contrast%c 3.5:1 (need 4.5:1) — text #8b8579 on #faf9f6 color: oklch(84% 0.19 80.46); font-weight: bold color: inherit JSHandle@node @ http://localhost:3000/_next/static/chunks/1l_l_next_dist_1hdtlhn._.js:2477
[   18803ms] [LOG] %clow-contrast%c 3.5:1 (need 4.5:1) — text #8b8579 on #faf9f6 color: oklch(84% 0.19 80.46); font-weight: bold color: inherit JSHandle@node @ http://localhost:3000/_next/static/chunks/1l_l_next_dist_1hdtlhn._.js:2477
[   18803ms] [LOG] %clow-contrast%c 3.5:1 (need 4.5:1) — text #8b8579 on #faf9f6 color: oklch(84% 0.19 80.46); font-weight: bold color: inherit JSHandle@node @ http://localhost:3000/_next/static/chunks/1l_l_next_dist_1hdtlhn._.js:2477
[   18803ms] [LOG] %clow-contrast%c 3.5:1 (need 4.5:1) — text #8b8579 on #faf9f6 color: oklch(84% 0.19 80.46); font-weight: bold color: inherit JSHandle@node @ http://localhost:3000/_next/static/chunks/1l_l_next_dist_1hdtlhn._.js:2477
[   18803ms] [LOG] %clow-contrast%c 3.5:1 (need 4.5:1) — text #8b8579 on #faf9f6 color: oklch(84% 0.19 80.46); font-weight: bold color: inherit JSHandle@node @ http://localhost:3000/_next/static/chunks/1l_l_next_dist_1hdtlhn._.js:2477
[   18803ms] [LOG] %clow-contrast%c 3.5:1 (need 4.5:1) — text #8b8579 on #faf9f6 color: oklch(84% 0.19 80.46); font-weight: bold color: inherit JSHandle@node @ http://localhost:3000/_next/static/chunks/1l_l_next_dist_1hdtlhn._.js:2477
[   18803ms] [LOG] %clow-contrast%c 3.5:1 (need 4.5:1) — text #8b8579 on #faf9f6 color: oklch(84% 0.19 80.46); font-weight: bold color: inherit JSHandle@node @ http://localhost:3000/_next/static/chunks/1l_l_next_dist_1hdtlhn._.js:2477
[   18803ms] [LOG] %clow-contrast%c 3.5:1 (need 4.5:1) — text #8b8579 on #faf9f6 color: oklch(84% 0.19 80.46); font-weight: bold color: inherit JSHandle@node @ http://localhost:3000/_next/static/chunks/1l_l_next_dist_1hdtlhn._.js:2477
[   18803ms] [LOG] %clow-contrast%c 3.5:1 (need 4.5:1) — text #8b8579 on #faf9f6 color: oklch(84% 0.19 80.46); font-weight: bold color: inherit JSHandle@node @ http://localhost:3000/_next/static/chunks/1l_l_next_dist_1hdtlhn._.js:2477
[   18803ms] [LOG] %clow-contrast%c 3.5:1 (need 4.5:1) — text #8b8579 on #faf9f6 color: oklch(84% 0.19 80.46); font-weight: bold color: inherit JSHandle@node @ http://localhost:3000/_next/static/chunks/1l_l_next_dist_1hdtlhn._.js:2477
[   18803ms] [LOG] %clow-contrast%c 3.5:1 (need 4.5:1) — text #8b8579 on #faf9f6 color: oklch(84% 0.19 80.46); font-weight: bold color: inherit JSHandle@node @ http://localhost:3000/_next/static/chunks/1l_l_next_dist_1hdtlhn._.js:2477
[   18803ms] [LOG] %clow-contrast%c 3.5:1 (need 4.5:1) — text #8b8579 on #faf9f6 color: oklch(84% 0.19 80.46); font-weight: bold color: inherit JSHandle@node @ http://localhost:3000/_next/static/chunks/1l_l_next_dist_1hdtlhn._.js:2477
[   18803ms] [LOG] %clow-contrast%c 3.5:1 (need 4.5:1) — text #8b8579 on #faf9f6 color: oklch(84% 0.19 80.46); font-weight: bold color: inherit JSHandle@node @ http://localhost:3000/_next/static/chunks/1l_l_next_dist_1hdtlhn._.js:2477
[   18803ms] [LOG] %clow-contrast%c 3.5:1 (need 4.5:1) — text #8b8579 on #faf9f6 color: oklch(84% 0.19 80.46); font-weight: bold color: inherit JSHandle@node @ http://localhost:3000/_next/static/chunks/1l_l_next_dist_1hdtlhn._.js:2477
[   18803ms] [LOG] %clow-contrast%c 3.5:1 (need 4.5:1) — text #8b8579 on #faf9f6 color: oklch(84% 0.19 80.46); font-weight: bold color: inherit JSHandle@node @ http://localhost:3000/_next/static/chunks/1l_l_next_dist_1hdtlhn._.js:2477
[   18803ms] [LOG] %clow-contrast%c 3.5:1 (need 4.5:1) — text #8b8579 on #faf9f6 color: oklch(84% 0.19 80.46); font-weight: bold color: inherit JSHandle@node @ http://localhost:3000/_next/static/chunks/1l_l_next_dist_1hdtlhn._.js:2477
[   18803ms] [LOG] %clow-contrast%c 3.3:1 (need 4.5:1) — text #8b8579 on #f4f2ec color: oklch(84% 0.19 80.46); font-weight: bold color: inherit JSHandle@node @ http://localhost:3000/_next/static/chunks/1l_l_next_dist_1hdtlhn._.js:2477
[   18804ms] [LOG] %clow-contrast%c 3.3:1 (need 4.5:1) — text #8b8579 on #f4f2ec color: oklch(84% 0.19 80.46); font-weight: bold color: inherit JSHandle@node @ http://localhost:3000/_next/static/chunks/1l_l_next_dist_1hdtlhn._.js:2477
[   18804ms] [LOG] %clow-contrast%c 3.3:1 (need 4.5:1) — text #8b8579 on #f4f2ec color: oklch(84% 0.19 80.46); font-weight: bold color: inherit JSHandle@node @ http://localhost:3000/_next/static/chunks/1l_l_next_dist_1hdtlhn._.js:2477
[   18804ms] [LOG] %clow-contrast%c 3.3:1 (need 4.5:1) — text #8b8579 on #f4f2ec color: oklch(84% 0.19 80.46); font-weight: bold color: inherit JSHandle@node @ http://localhost:3000/_next/static/chunks/1l_l_next_dist_1hdtlhn._.js:2477
[   18804ms] [LOG] %coverused-font%c Primary font: inter (91% of text) color: oklch(84% 0.19 80.46); font-weight: bold color: inherit JSHandle@node @ http://localhost:3000/_next/static/chunks/1l_l_next_dist_1hdtlhn._.js:2477
