[     205ms] [INFO] %cDownload the React DevTools for a better development experience: https://react.dev/link/react-devtools font-weight:bold @ http://localhost:3000/_next/static/chunks/1l_l_next_dist_1hdtlhn._.js:2477
[     226ms] [LOG] [HMR] connected @ http://localhost:3000/_next/static/chunks/1l_l_next_dist_1hdtlhn._.js:2477
[  157976ms] [LOG] [HMR] connected @ http://localhost:3000/_next/static/chunks/1l_l_next_dist_1hdtlhn._.js:2477
[  158518ms] [LOG] [Fast Refresh] rebuilding @ http://localhost:3000/_next/static/chunks/1l_l_next_dist_1hdtlhn._.js:2477
[  158542ms] [LOG] [Fast Refresh] done in 127ms @ http://localhost:3000/_next/static/chunks/1l_l_next_dist_1hdtlhn._.js:2477
[ 3291564ms] [LOG] [Fast Refresh] rebuilding @ http://localhost:3000/_next/static/chunks/1l_l_next_dist_1hdtlhn._.js:2477
[ 3291617ms] [LOG] [Fast Refresh] done in 156ms @ http://localhost:3000/_next/static/chunks/1l_l_next_dist_1hdtlhn._.js:2477
[ 3294545ms] [LOG] [Fast Refresh] rebuilding @ http://localhost:3000/_next/static/chunks/1l_l_next_dist_1hdtlhn._.js:2477
[ 3294641ms] [LOG] [Fast Refresh] done in 197ms @ http://localhost:3000/_next/static/chunks/1l_l_next_dist_1hdtlhn._.js:2477
[ 3419426ms] [LOG] [Fast Refresh] rebuilding @ http://localhost:3000/_next/static/chunks/1l_l_next_dist_1hdtlhn._.js:2477
[ 3419453ms] [LOG] [Fast Refresh] done in 128ms @ http://localhost:3000/_next/static/chunks/1l_l_next_dist_1hdtlhn._.js:2477
[ 3516358ms] [LOG] [Fast Refresh] rebuilding @ http://localhost:3000/_next/static/chunks/1l_l_next_dist_1hdtlhn._.js:2477
[ 3516389ms] [LOG] [Fast Refresh] done in 132ms @ http://localhost:3000/_next/static/chunks/1l_l_next_dist_1hdtlhn._.js:2477
[ 3744980ms] [LOG] [Fast Refresh] rebuilding @ http://localhost:3000/_next/static/chunks/1l_l_next_dist_1hdtlhn._.js:2477
[ 3745001ms] [LOG] [Fast Refresh] done in 123ms @ http://localhost:3000/_next/static/chunks/1l_l_next_dist_1hdtlhn._.js:2477
[ 3812785ms] [LOG] [Fast Refresh] rebuilding @ http://localhost:3000/_next/static/chunks/1l_l_next_dist_1hdtlhn._.js:2477
[ 3812805ms] [LOG] [Fast Refresh] done in 121ms @ http://localhost:3000/_next/static/chunks/1l_l_next_dist_1hdtlhn._.js:2477
[ 3842470ms] [LOG] [Fast Refresh] rebuilding @ http://localhost:3000/_next/static/chunks/1l_l_next_dist_1hdtlhn._.js:2477
[ 3842488ms] [LOG] [Fast Refresh] done in 119ms @ http://localhost:3000/_next/static/chunks/1l_l_next_dist_1hdtlhn._.js:2477
[ 4046605ms] [LOG] [Fast Refresh] rebuilding @ http://localhost:3000/_next/static/chunks/1l_l_next_dist_1hdtlhn._.js:2477
[ 4047733ms] [LOG] [Fast Refresh] done in 1230ms @ http://localhost:3000/_next/static/chunks/1l_l_next_dist_1hdtlhn._.js:2477
[ 4047880ms] [LOG] [Fast Refresh] rebuilding @ http://localhost:3000/_next/static/chunks/1l_l_next_dist_1hdtlhn._.js:2477
[ 4047910ms] [LOG] [Fast Refresh] done in 131ms @ http://localhost:3000/_next/static/chunks/1l_l_next_dist_1hdtlhn._.js:2477
[ 4119541ms] [LOG] [Fast Refresh] rebuilding @ http://localhost:3000/_next/static/chunks/1l_l_next_dist_1hdtlhn._.js:2477
[ 4119555ms] [LOG] [Fast Refresh] done in 117ms @ http://localhost:3000/_next/static/chunks/1l_l_next_dist_1hdtlhn._.js:2477
[ 4304641ms] [LOG] [Fast Refresh] rebuilding @ http://localhost:3000/_next/static/chunks/1l_l_next_dist_1hdtlhn._.js:2477
[ 4305211ms] [LOG] [Fast Refresh] done in 671ms @ http://localhost:3000/_next/static/chunks/1l_l_next_dist_1hdtlhn._.js:2477
[ 4383815ms] [LOG] [Fast Refresh] rebuilding @ http://localhost:3000/_next/static/chunks/1l_l_next_dist_1hdtlhn._.js:2477
[ 4383871ms] [LOG] [Fast Refresh] done in 157ms @ http://localhost:3000/_next/static/chunks/1l_l_next_dist_1hdtlhn._.js:2477
[ 4383972ms] [LOG] [Fast Refresh] rebuilding @ http://localhost:3000/_next/static/chunks/1l_l_next_dist_1hdtlhn._.js:2477
[ 4383998ms] [LOG] [Fast Refresh] done in 126ms @ http://localhost:3000/_next/static/chunks/1l_l_next_dist_1hdtlhn._.js:2477
[ 4875362ms] [LOG] [Fast Refresh] rebuilding @ http://localhost:3000/_next/static/chunks/1l_l_next_dist_1hdtlhn._.js:2477
[ 4875363ms] [LOG] [Fast Refresh] done in 103ms @ http://localhost:3000/_next/static/chunks/1l_l_next_dist_1hdtlhn._.js:2477
[ 5226564ms] [LOG] [Fast Refresh] rebuilding @ http://localhost:3000/_next/static/chunks/1l_l_next_dist_1hdtlhn._.js:2477
[ 5226575ms] [LOG] [Fast Refresh] done in 113ms @ http://localhost:3000/_next/static/chunks/1l_l_next_dist_1hdtlhn._.js:2477
[ 5889879ms] [LOG] [Fast Refresh] rebuilding @ http://localhost:3000/_next/static/chunks/1l_l_next_dist_1hdtlhn._.js:2477
[ 5889912ms] [LOG] [Fast Refresh] done in 136ms @ http://localhost:3000/_next/static/chunks/1l_l_next_dist_1hdtlhn._.js:2477
[ 6018326ms] [LOG] [Fast Refresh] rebuilding @ http://localhost:3000/_next/static/chunks/1l_l_next_dist_1hdtlhn._.js:2477
[ 6018343ms] [LOG] [Fast Refresh] done in 118ms @ http://localhost:3000/_next/static/chunks/1l_l_next_dist_1hdtlhn._.js:2477
[ 6303094ms] [LOG] [Fast Refresh] rebuilding @ http://localhost:3000/_next/static/chunks/1l_l_next_dist_1hdtlhn._.js:2477
[ 6303392ms] [LOG] [Fast Refresh] done in 383ms @ http://localhost:3000/_next/static/chunks/1l_l_next_dist_1hdtlhn._.js:2477
[ 6303948ms] [LOG] [Fast Refresh] rebuilding @ http://localhost:3000/_next/static/chunks/1l_l_next_dist_1hdtlhn._.js:2477
[ 6303998ms] [LOG] [Fast Refresh] done in 126ms @ http://localhost:3000/_next/static/chunks/1l_l_next_dist_1hdtlhn._.js:2477
[ 6305350ms] [LOG] [Fast Refresh] rebuilding @ http://localhost:3000/_next/static/chunks/1l_l_next_dist_1hdtlhn._.js:2477
[ 6305404ms] [LOG] [Fast Refresh] done in 126ms @ http://localhost:3000/_next/static/chunks/1l_l_next_dist_1hdtlhn._.js:2477
[ 6306225ms] [LOG] [Fast Refresh] rebuilding @ http://localhost:3000/_next/static/chunks/1l_l_next_dist_1hdtlhn._.js:2477
[ 6306257ms] [LOG] [Fast Refresh] done in 109ms @ http://localhost:3000/_next/static/chunks/1l_l_next_dist_1hdtlhn._.js:2477
[ 6322706ms] [LOG] [Fast Refresh] rebuilding @ http://localhost:3000/_next/static/chunks/1l_l_next_dist_1hdtlhn._.js:2477
[ 6322776ms] [LOG] [Fast Refresh] done in 143ms @ http://localhost:3000/_next/static/chunks/1l_l_next_dist_1hdtlhn._.js:2477
[ 6324100ms] [LOG] [Fast Refresh] rebuilding @ http://localhost:3000/_next/static/chunks/1l_l_next_dist_1hdtlhn._.js:2477
[ 6324122ms] [LOG] [Fast Refresh] done in 46ms @ http://localhost:3000/_next/static/chunks/1l_l_next_dist_1hdtlhn._.js:2477
[ 6325533ms] [LOG] [Fast Refresh] rebuilding @ http://localhost:3000/_next/static/chunks/1l_l_next_dist_1hdtlhn._.js:2477
[ 6325642ms] [LOG] [Fast Refresh] done in 87ms @ http://localhost:3000/_next/static/chunks/1l_l_next_dist_1hdtlhn._.js:2477
[ 6325671ms] [LOG] [Fast Refresh] rebuilding @ http://localhost:3000/_next/static/chunks/1l_l_next_dist_1hdtlhn._.js:2477
[ 6325733ms] [LOG] [Fast Refresh] done in 7ms @ http://localhost:3000/_next/static/chunks/1l_l_next_dist_1hdtlhn._.js:2477
[ 6347654ms] [LOG] [Fast Refresh] rebuilding @ http://localhost:3000/_next/static/chunks/1l_l_next_dist_1hdtlhn._.js:2477
[ 6347696ms] [LOG] [Fast Refresh] done in 37ms @ http://localhost:3000/_next/static/chunks/1l_l_next_dist_1hdtlhn._.js:2477
[ 6386100ms] [LOG] [Fast Refresh] rebuilding @ http://localhost:3000/_next/static/chunks/1l_l_next_dist_1hdtlhn._.js:2477
[ 6386244ms] [LOG] [Fast Refresh] done in 61ms @ http://localhost:3000/_next/static/chunks/1l_l_next_dist_1hdtlhn._.js:2477
[ 6386701ms] [LOG] [Fast Refresh] rebuilding @ http://localhost:3000/_next/static/chunks/1l_l_next_dist_1hdtlhn._.js:2477
[ 6386710ms] [LOG] [Fast Refresh] done in 110ms @ http://localhost:3000/_next/static/chunks/1l_l_next_dist_1hdtlhn._.js:2477
[ 6386849ms] [LOG] [Fast Refresh] rebuilding @ http://localhost:3000/_next/static/chunks/1l_l_next_dist_1hdtlhn._.js:2477
[ 6386924ms] [LOG] [Fast Refresh] done in 176ms @ http://localhost:3000/_next/static/chunks/1l_l_next_dist_1hdtlhn._.js:2477
[ 6401552ms] [LOG] [Fast Refresh] rebuilding @ http://localhost:3000/_next/static/chunks/1l_l_next_dist_1hdtlhn._.js:2477
[ 6401583ms] [LOG] [Fast Refresh] done in 54ms @ http://localhost:3000/_next/static/chunks/1l_l_next_dist_1hdtlhn._.js:2477
[ 6557101ms] [LOG] [Fast Refresh] rebuilding @ http://localhost:3000/_next/static/chunks/1l_l_next_dist_1hdtlhn._.js:2477
[ 6557339ms] [LOG] [Fast Refresh] done in 340ms @ http://localhost:3000/_next/static/chunks/1l_l_next_dist_1hdtlhn._.js:2477
[ 6675493ms] [LOG] [Fast Refresh] rebuilding @ http://localhost:3000/_next/static/chunks/1l_l_next_dist_1hdtlhn._.js:2477
[ 6675542ms] [LOG] [Fast Refresh] done in 152ms @ http://localhost:3000/_next/static/chunks/1l_l_next_dist_1hdtlhn._.js:2477
[ 6741227ms] [LOG] [Fast Refresh] rebuilding @ http://localhost:3000/_next/static/chunks/1l_l_next_dist_1hdtlhn._.js:2477
[ 6741227ms] [LOG] [Fast Refresh] done in 103ms @ http://localhost:3000/_next/static/chunks/1l_l_next_dist_1hdtlhn._.js:2477
[ 6741435ms] [WARNING] Canvas2D: Multiple readback operations using getImageData are faster with the willReadFrequently attribute set to true. See: https://html.spec.whatwg.org/multipage/canvas.html#concept-canvas-will-read-frequently @ :0
[ 6811691ms] [LOG] [Fast Refresh] rebuilding @ http://localhost:3000/_next/static/chunks/1l_l_next_dist_1hdtlhn._.js:2477
[ 6811710ms] [LOG] [Fast Refresh] done in 120ms @ http://localhost:3000/_next/static/chunks/1l_l_next_dist_1hdtlhn._.js:2477
[ 6903925ms] [LOG] [Fast Refresh] rebuilding @ http://localhost:3000/_next/static/chunks/1l_l_next_dist_1hdtlhn._.js:2477
[ 6904005ms] [LOG] [Fast Refresh] done in 182ms @ http://localhost:3000/_next/static/chunks/1l_l_next_dist_1hdtlhn._.js:2477
[ 7104198ms] [LOG] [Fast Refresh] rebuilding @ http://localhost:3000/_next/static/chunks/1l_l_next_dist_1hdtlhn._.js:2477
[ 7104246ms] [LOG] [Fast Refresh] done in 149ms @ http://localhost:3000/_next/static/chunks/1l_l_next_dist_1hdtlhn._.js:2477
[ 7640503ms] [LOG] [Fast Refresh] rebuilding @ http://localhost:3000/_next/static/chunks/1l_l_next_dist_1hdtlhn._.js:2477
[ 7640529ms] [LOG] [Fast Refresh] done in 128ms @ http://localhost:3000/_next/static/chunks/1l_l_next_dist_1hdtlhn._.js:2477
[10468072ms] [LOG] [Fast Refresh] rebuilding @ http://localhost:3000/_next/static/chunks/1l_l_next_dist_1hdtlhn._.js:2477
[10468243ms] [LOG] [Fast Refresh] done in 276ms @ http://localhost:3000/_next/static/chunks/1l_l_next_dist_1hdtlhn._.js:2477
[12220686ms] [LOG] [Fast Refresh] rebuilding @ http://localhost:3000/_next/static/chunks/1l_l_next_dist_1hdtlhn._.js:2477
[12220771ms] [LOG] [Fast Refresh] done in 79ms @ http://localhost:3000/_next/static/chunks/1l_l_next_dist_1hdtlhn._.js:2477
[12222255ms] [LOG] [Fast Refresh] rebuilding @ http://localhost:3000/_next/static/chunks/1l_l_next_dist_1hdtlhn._.js:2477
[12222376ms] [LOG] [Fast Refresh] done in 48ms @ http://localhost:3000/_next/static/chunks/1l_l_next_dist_1hdtlhn._.js:2477
[12224943ms] [LOG] [Fast Refresh] rebuilding @ http://localhost:3000/_next/static/chunks/1l_l_next_dist_1hdtlhn._.js:2477
[12224992ms] [LOG] [Fast Refresh] done in 46ms @ http://localhost:3000/_next/static/chunks/1l_l_next_dist_1hdtlhn._.js:2477
[12226065ms] [LOG] [Fast Refresh] rebuilding @ http://localhost:3000/_next/static/chunks/1l_l_next_dist_1hdtlhn._.js:2477
[12226109ms] [LOG] [Fast Refresh] done in 41ms @ http://localhost:3000/_next/static/chunks/1l_l_next_dist_1hdtlhn._.js:2477
[12287353ms] [LOG] [Fast Refresh] rebuilding @ http://localhost:3000/_next/static/chunks/1l_l_next_dist_1hdtlhn._.js:2477
[12287445ms] [LOG] [Fast Refresh] done in 54ms @ http://localhost:3000/_next/static/chunks/1l_l_next_dist_1hdtlhn._.js:2477
[12287556ms] [LOG] [Fast Refresh] rebuilding @ http://localhost:3000/_next/static/chunks/1l_l_next_dist_1hdtlhn._.js:2477
[12287594ms] [LOG] [Fast Refresh] done in 138ms @ http://localhost:3000/_next/static/chunks/1l_l_next_dist_1hdtlhn._.js:2477
[12440220ms] [LOG] [Fast Refresh] rebuilding @ http://localhost:3000/_next/static/chunks/1l_l_next_dist_1hdtlhn._.js:2477
[12440267ms] [LOG] [Fast Refresh] done in 99ms @ http://localhost:3000/_next/static/chunks/1l_l_next_dist_1hdtlhn._.js:2477
[12447076ms] [LOG] [Fast Refresh] rebuilding @ http://localhost:3000/_next/static/chunks/1l_l_next_dist_1hdtlhn._.js:2477
[12447156ms] [LOG] [Fast Refresh] done in 74ms @ http://localhost:3000/_next/static/chunks/1l_l_next_dist_1hdtlhn._.js:2477
[12450657ms] [LOG] [Fast Refresh] rebuilding @ http://localhost:3000/_next/static/chunks/1l_l_next_dist_1hdtlhn._.js:2477
[12450722ms] [LOG] [Fast Refresh] done in 66ms @ http://localhost:3000/_next/static/chunks/1l_l_next_dist_1hdtlhn._.js:2477
[12457672ms] [LOG] [Fast Refresh] rebuilding @ http://localhost:3000/_next/static/chunks/1l_l_next_dist_1hdtlhn._.js:2477
[12457771ms] [LOG] [Fast Refresh] done in 196ms @ http://localhost:3000/_next/static/chunks/1l_l_next_dist_1hdtlhn._.js:2477
[12458506ms] [LOG] [Fast Refresh] rebuilding @ http://localhost:3000/_next/static/chunks/1l_l_next_dist_1hdtlhn._.js:2477
[12458525ms] [LOG] [Fast Refresh] done in 121ms @ http://localhost:3000/_next/static/chunks/1l_l_next_dist_1hdtlhn._.js:2477
[12458668ms] [LOG] [Fast Refresh] rebuilding @ http://localhost:3000/_next/static/chunks/1l_l_next_dist_1hdtlhn._.js:2477
[12458684ms] [LOG] [Fast Refresh] done in 118ms @ http://localhost:3000/_next/static/chunks/1l_l_next_dist_1hdtlhn._.js:2477
[12459078ms] [LOG] [Fast Refresh] rebuilding @ http://localhost:3000/_next/static/chunks/1l_l_next_dist_1hdtlhn._.js:2477
[12459107ms] [LOG] [Fast Refresh] done in 131ms @ http://localhost:3000/_next/static/chunks/1l_l_next_dist_1hdtlhn._.js:2477
[12463739ms] [LOG] [Fast Refresh] rebuilding @ http://localhost:3000/_next/static/chunks/1l_l_next_dist_1hdtlhn._.js:2477
[12463757ms] [LOG] [Fast Refresh] done in 34ms @ http://localhost:3000/_next/static/chunks/1l_l_next_dist_1hdtlhn._.js:2477
[12470840ms] [LOG] [Fast Refresh] rebuilding @ http://localhost:3000/_next/static/chunks/1l_l_next_dist_1hdtlhn._.js:2477
[12470910ms] [LOG] [Fast Refresh] done in 39ms @ http://localhost:3000/_next/static/chunks/1l_l_next_dist_1hdtlhn._.js:2477
[12476323ms] [LOG] [Fast Refresh] rebuilding @ http://localhost:3000/_next/static/chunks/1l_l_next_dist_1hdtlhn._.js:2477
[12476390ms] [LOG] [Fast Refresh] done in 38ms @ http://localhost:3000/_next/static/chunks/1l_l_next_dist_1hdtlhn._.js:2477
[12479221ms] [LOG] [Fast Refresh] rebuilding @ http://localhost:3000/_next/static/chunks/1l_l_next_dist_1hdtlhn._.js:2477
[12479376ms] [LOG] [Fast Refresh] done in 257ms @ http://localhost:3000/_next/static/chunks/1l_l_next_dist_1hdtlhn._.js:2477
[12480307ms] [LOG] [Fast Refresh] rebuilding @ http://localhost:3000/_next/static/chunks/1l_l_next_dist_1hdtlhn._.js:2477
[12480443ms] [LOG] [Fast Refresh] done in 236ms @ http://localhost:3000/_next/static/chunks/1l_l_next_dist_1hdtlhn._.js:2477
[12486305ms] [LOG] [Fast Refresh] rebuilding @ http://localhost:3000/_next/static/chunks/1l_l_next_dist_1hdtlhn._.js:2477
[12486346ms] [LOG] [Fast Refresh] done in 57ms @ http://localhost:3000/_next/static/chunks/1l_l_next_dist_1hdtlhn._.js:2477
[12495259ms] [LOG] [Fast Refresh] rebuilding @ http://localhost:3000/_next/static/chunks/1l_l_next_dist_1hdtlhn._.js:2477
[12495351ms] [LOG] [Fast Refresh] done in 57ms @ http://localhost:3000/_next/static/chunks/1l_l_next_dist_1hdtlhn._.js:2477
[12501635ms] [LOG] [Fast Refresh] rebuilding @ http://localhost:3000/_next/static/chunks/1l_l_next_dist_1hdtlhn._.js:2477
[12501681ms] [LOG] [Fast Refresh] done in 35ms @ http://localhost:3000/_next/static/chunks/1l_l_next_dist_1hdtlhn._.js:2477
[12535235ms] [LOG] [Fast Refresh] rebuilding @ http://localhost:3000/_next/static/chunks/1l_l_next_dist_1hdtlhn._.js:2477
[12535244ms] [LOG] [Fast Refresh] done in 113ms @ http://localhost:3000/_next/static/chunks/1l_l_next_dist_1hdtlhn._.js:2477
[12707026ms] [LOG] [Fast Refresh] rebuilding @ http://localhost:3000/_next/static/chunks/1l_l_next_dist_1hdtlhn._.js:2477
[12707123ms] [LOG] [Fast Refresh] done in 146ms @ http://localhost:3000/_next/static/chunks/1l_l_next_dist_1hdtlhn._.js:2477
[12732823ms] [LOG] [Fast Refresh] rebuilding @ http://localhost:3000/_next/static/chunks/1l_l_next_dist_1hdtlhn._.js:2477
[12732902ms] [LOG] [Fast Refresh] done in 113ms @ http://localhost:3000/_next/static/chunks/1l_l_next_dist_1hdtlhn._.js:2477
[12742760ms] [LOG] [Fast Refresh] rebuilding @ http://localhost:3000/_next/static/chunks/1l_l_next_dist_1hdtlhn._.js:2477
[12742825ms] [LOG] [Fast Refresh] done in 134ms @ http://localhost:3000/_next/static/chunks/1l_l_next_dist_1hdtlhn._.js:2477
[12769817ms] [LOG] [Fast Refresh] rebuilding @ http://localhost:3000/_next/static/chunks/1l_l_next_dist_1hdtlhn._.js:2477
[12769883ms] [LOG] [Fast Refresh] done in 46ms @ http://localhost:3000/_next/static/chunks/1l_l_next_dist_1hdtlhn._.js:2477
[12770255ms] [LOG] [Fast Refresh] rebuilding @ http://localhost:3000/_next/static/chunks/1l_l_next_dist_1hdtlhn._.js:2477
[12770282ms] [LOG] [Fast Refresh] done in 127ms @ http://localhost:3000/_next/static/chunks/1l_l_next_dist_1hdtlhn._.js:2477
[12941516ms] [LOG] [Fast Refresh] rebuilding @ http://localhost:3000/_next/static/chunks/1l_l_next_dist_1hdtlhn._.js:2477
[12941541ms] [LOG] [Fast Refresh] done in 58ms @ http://localhost:3000/_next/static/chunks/1l_l_next_dist_1hdtlhn._.js:2477
[12948307ms] [LOG] [Fast Refresh] rebuilding @ http://localhost:3000/_next/static/chunks/1l_l_next_dist_1hdtlhn._.js:2477
[12948416ms] [LOG] [Fast Refresh] done in 59ms @ http://localhost:3000/_next/static/chunks/1l_l_next_dist_1hdtlhn._.js:2477
[12948790ms] [LOG] [Fast Refresh] rebuilding @ http://localhost:3000/_next/static/chunks/1l_l_next_dist_1hdtlhn._.js:2477
[12948800ms] [LOG] [Fast Refresh] done in 113ms @ http://localhost:3000/_next/static/chunks/1l_l_next_dist_1hdtlhn._.js:2477
[12966655ms] [LOG] [Fast Refresh] rebuilding @ http://localhost:3000/_next/static/chunks/1l_l_next_dist_1hdtlhn._.js:2477
[12966708ms] [LOG] [Fast Refresh] done in 43ms @ http://localhost:3000/_next/static/chunks/1l_l_next_dist_1hdtlhn._.js:2477
[12977301ms] [LOG] [Fast Refresh] rebuilding @ http://localhost:3000/_next/static/chunks/1l_l_next_dist_1hdtlhn._.js:2477
[12977370ms] [LOG] [Fast Refresh] done in 50ms @ http://localhost:3000/_next/static/chunks/1l_l_next_dist_1hdtlhn._.js:2477
[13161891ms] [LOG] [Fast Refresh] rebuilding @ http://localhost:3000/_next/static/chunks/1l_l_next_dist_1hdtlhn._.js:2477
[13161896ms] [LOG] [Fast Refresh] done in 105ms @ http://localhost:3000/_next/static/chunks/1l_l_next_dist_1hdtlhn._.js:2477
[13214110ms] [LOG] [Fast Refresh] rebuilding @ http://localhost:3000/_next/static/chunks/1l_l_next_dist_1hdtlhn._.js:2477
[13214123ms] [LOG] [Fast Refresh] done in 95ms @ http://localhost:3000/_next/static/chunks/1l_l_next_dist_1hdtlhn._.js:2477
[13220010ms] [LOG] [Fast Refresh] rebuilding @ http://localhost:3000/_next/static/chunks/1l_l_next_dist_1hdtlhn._.js:2477
[13220030ms] [LOG] [Fast Refresh] done in 60ms @ http://localhost:3000/_next/static/chunks/1l_l_next_dist_1hdtlhn._.js:2477
[13225968ms] [LOG] [Fast Refresh] rebuilding @ http://localhost:3000/_next/static/chunks/1l_l_next_dist_1hdtlhn._.js:2477
[13225987ms] [LOG] [Fast Refresh] done in 53ms @ http://localhost:3000/_next/static/chunks/1l_l_next_dist_1hdtlhn._.js:2477
[13232447ms] [LOG] [Fast Refresh] rebuilding @ http://localhost:3000/_next/static/chunks/1l_l_next_dist_1hdtlhn._.js:2477
[13232467ms] [LOG] [Fast Refresh] done in 52ms @ http://localhost:3000/_next/static/chunks/1l_l_next_dist_1hdtlhn._.js:2477
