[     231ms] [INFO] %cDownload the React DevTools for a better development experience: https://react.dev/link/react-devtools font-weight:bold @ http://localhost:3000/_next/static/chunks/1l_l_next_dist_1hdtlhn._.js:2477
[     268ms] [LOG] [HMR] connected @ http://localhost:3000/_next/static/chunks/1l_l_next_dist_1hdtlhn._.js:2477
[  143969ms] [LOG] [Fast Refresh] rebuilding @ http://localhost:3000/_next/static/chunks/1l_l_next_dist_1hdtlhn._.js:2477
[  144579ms] [LOG] [Fast Refresh] done in 285ms @ http://localhost:3000/_next/static/chunks/1l_l_next_dist_1hdtlhn._.js:2477
[  144764ms] [LOG] [Fast Refresh] rebuilding @ http://localhost:3000/_next/static/chunks/1l_l_next_dist_1hdtlhn._.js:2477
[  144899ms] [LOG] [Fast Refresh] done in 236ms @ http://localhost:3000/_next/static/chunks/1l_l_next_dist_1hdtlhn._.js:2477
[  145094ms] [LOG] [Fast Refresh] rebuilding @ http://localhost:3000/_next/static/chunks/1l_l_next_dist_1hdtlhn._.js:2477
[  145121ms] [LOG] [Fast Refresh] done in 128ms @ http://localhost:3000/_next/static/chunks/1l_l_next_dist_1hdtlhn._.js:2477
[  146777ms] [ERROR] Failed to load resource: the server responded with a status of 500 (Internal Server Error) @ http://localhost:3000/:0
[  146992ms] [INFO] %cDownload the React DevTools for a better development experience: https://react.dev/link/react-devtools font-weight:bold @ http://localhost:3000/_next/static/chunks/1l_l_next_dist_1hdtlhn._.js:2477
[  147015ms] [LOG] [HMR] connected @ http://localhost:3000/_next/static/chunks/1l_l_next_dist_1hdtlhn._.js:2477
[  147103ms] ReferenceError: DETAIL_ICONS is not defined
    at StatusBadge (/Users/joelei/Dropbox (about://React/Server/Maestral)/smarthumans.ai/.next/dev/server/chunks/ssr/%5Broot-of-the-server%5D__00ps8mf._.js?0:806:41)
    at resolveErrorDev (http://localhost:3000/_next/static/chunks/1l_l_next_dist_compiled_react-server-dom-turbopack_1pd5eef._.js:1919:105)
    at processFullStringRow (http://localhost:3000/_next/static/chunks/1l_l_next_dist_compiled_react-server-dom-turbopack_1pd5eef._.js:2434:29)
    at processFullBinaryRow (http://localhost:3000/_next/static/chunks/1l_l_next_dist_compiled_react-server-dom-turbopack_1pd5eef._.js:2393:9)
    at processBinaryChunk (http://localhost:3000/_next/static/chunks/1l_l_next_dist_compiled_react-server-dom-turbopack_1pd5eef._.js:2502:221)
    at progress (http://localhost:3000/_next/static/chunks/1l_l_next_dist_compiled_react-server-dom-turbopack_1pd5eef._.js:2689:13)
[  147179ms] [LOG] [Fast Refresh] rebuilding @ http://localhost:3000/_next/static/chunks/1l_l_next_dist_1hdtlhn._.js:2477
[  147379ms] [LOG] [Fast Refresh] done in 300ms @ http://localhost:3000/_next/static/chunks/1l_l_next_dist_1hdtlhn._.js:2477
[  147391ms] [WARNING] [Fast Refresh] performing full reload because your application had an unrecoverable error @ http://localhost:3000/_next/static/chunks/1l_l_next_dist_1hdtlhn._.js:2477
[  147653ms] [ERROR] Failed to load resource: the server responded with a status of 500 (Internal Server Error) @ http://localhost:3000/:0
[  147687ms] [INFO] %cDownload the React DevTools for a better development experience: https://react.dev/link/react-devtools font-weight:bold @ http://localhost:3000/_next/static/chunks/1l_l_next_dist_1hdtlhn._.js:2477
[  147700ms] [LOG] [HMR] connected @ http://localhost:3000/_next/static/chunks/1l_l_next_dist_1hdtlhn._.js:2477
[  147782ms] ReferenceError: DetailIcon is not defined
    at StatusBadge (about://React/Server/file:///Users/joelei/Dropbox%2520(Maestral)/smarthumans.ai/.next/dev/server/chunks/ssr/%255Broot-of-the-server%255D__1pfxwze._.js?id=%255Bproject%255D%252FDropbox+%2528Maestral%2529%252Fsmarthumans.ai%252Fsrc%252Fcomponents%252Fstatus-badge.tsx+%255Bapp-rsc%255D+%2528ecmascript%2529?149:22:13)
    at resolveErrorDev (http://localhost:3000/_next/static/chunks/1l_l_next_dist_compiled_react-server-dom-turbopack_1pd5eef._.js:1919:150)
    at processFullStringRow (http://localhost:3000/_next/static/chunks/1l_l_next_dist_compiled_react-server-dom-turbopack_1pd5eef._.js:2434:29)
    at processFullBinaryRow (http://localhost:3000/_next/static/chunks/1l_l_next_dist_compiled_react-server-dom-turbopack_1pd5eef._.js:2393:9)
    at processBinaryChunk (http://localhost:3000/_next/static/chunks/1l_l_next_dist_compiled_react-server-dom-turbopack_1pd5eef._.js:2502:221)
    at progress (http://localhost:3000/_next/static/chunks/1l_l_next_dist_compiled_react-server-dom-turbopack_1pd5eef._.js:2689:13)
[  150800ms] [WARNING] The resource http://localhost:3000/people/elon-musk.jpg was preloaded using link preload but not used within a few seconds from the window's load event. Please make sure it has an appropriate `as` value and it is preloaded intentionally. @ http://localhost:3000/:0
[  150800ms] [WARNING] The resource http://localhost:3000/people/paul-krugman.jpg was preloaded using link preload but not used within a few seconds from the window's load event. Please make sure it has an appropriate `as` value and it is preloaded intentionally. @ http://localhost:3000/:0
[  150801ms] [WARNING] The resource http://localhost:3000/people/jim-cramer.jpg was preloaded using link preload but not used within a few seconds from the window's load event. Please make sure it has an appropriate `as` value and it is preloaded intentionally. @ http://localhost:3000/:0
[  150801ms] [WARNING] The resource http://localhost:3000/people/stephen-a-smith.jpg was preloaded using link preload but not used within a few seconds from the window's load event. Please make sure it has an appropriate `as` value and it is preloaded intentionally. @ http://localhost:3000/:0
[  150803ms] [WARNING] The resource http://localhost:3000/people/peter-schiff.jpg was preloaded using link preload but not used within a few seconds from the window's load event. Please make sure it has an appropriate `as` value and it is preloaded intentionally. @ http://localhost:3000/:0
[  152486ms] [LOG] [Fast Refresh] rebuilding @ http://localhost:3000/_next/static/chunks/1l_l_next_dist_1hdtlhn._.js:2477
[  152498ms] [WARNING] [Fast Refresh] performing full reload because your application had an unrecoverable error @ http://localhost:3000/_next/static/chunks/1l_l_next_dist_1hdtlhn._.js:2477
[  152543ms] [LOG] [Fast Refresh] done in 48ms @ http://localhost:3000/_next/static/chunks/1l_l_next_dist_1hdtlhn._.js:2477
[  152854ms] [INFO] %cDownload the React DevTools for a better development experience: https://react.dev/link/react-devtools font-weight:bold @ http://localhost:3000/_next/static/chunks/1l_l_next_dist_1hdtlhn._.js:2477
[  152877ms] [LOG] [HMR] connected @ http://localhost:3000/_next/static/chunks/1l_l_next_dist_1hdtlhn._.js:2477
