[     170ms] [LOG] [Fast Refresh] rebuilding @ http://localhost:3000/_next/static/chunks/1l_l_next_dist_1hdtlhn._.js:2477
[     181ms] [LOG] [Fast Refresh] done in 111ms @ http://localhost:3000/_next/static/chunks/1l_l_next_dist_1hdtlhn._.js:2477
[     614ms] [INFO] %cDownload the React DevTools for a better development experience: https://react.dev/link/react-devtools font-weight:bold @ http://localhost:3000/_next/static/chunks/1l_l_next_dist_1hdtlhn._.js:2477
[     630ms] [LOG] [HMR] connected @ http://localhost:3000/_next/static/chunks/1l_l_next_dist_1hdtlhn._.js:2477
[    9388ms] [LOG] [Fast Refresh] rebuilding @ http://localhost:3000/_next/static/chunks/1l_l_next_dist_1hdtlhn._.js:2477
[    9406ms] [LOG] [Fast Refresh] done in 119ms @ http://localhost:3000/_next/static/chunks/1l_l_next_dist_1hdtlhn._.js:2477
[   80183ms] [LOG] [Fast Refresh] rebuilding @ http://localhost:3000/_next/static/chunks/1l_l_next_dist_1hdtlhn._.js:2477
[   80204ms] [LOG] [Fast Refresh] done in 124ms @ http://localhost:3000/_next/static/chunks/1l_l_next_dist_1hdtlhn._.js:2477
[  131428ms] [LOG] [Fast Refresh] rebuilding @ http://localhost:3000/_next/static/chunks/1l_l_next_dist_1hdtlhn._.js:2477
[  131447ms] [LOG] [Fast Refresh] done in 121ms @ http://localhost:3000/_next/static/chunks/1l_l_next_dist_1hdtlhn._.js:2477
[  492334ms] [LOG] [Fast Refresh] rebuilding @ http://localhost:3000/_next/static/chunks/1l_l_next_dist_1hdtlhn._.js:2477
[  492346ms] [LOG] [Fast Refresh] done in 113ms @ http://localhost:3000/_next/static/chunks/1l_l_next_dist_1hdtlhn._.js:2477
[  497268ms] [LOG] [Fast Refresh] rebuilding @ http://localhost:3000/_next/static/chunks/1l_l_next_dist_1hdtlhn._.js:2477
[  497324ms] [LOG] [Fast Refresh] done in 147ms @ http://localhost:3000/_next/static/chunks/1l_l_next_dist_1hdtlhn._.js:2477
[  501407ms] [LOG] [Fast Refresh] rebuilding @ http://localhost:3000/_next/static/chunks/1l_l_next_dist_1hdtlhn._.js:2477
[  501454ms] [LOG] [Fast Refresh] done in 60ms @ http://localhost:3000/_next/static/chunks/1l_l_next_dist_1hdtlhn._.js:2477
[  506516ms] [LOG] [Fast Refresh] rebuilding @ http://localhost:3000/_next/static/chunks/1l_l_next_dist_1hdtlhn._.js:2477
[  506567ms] [LOG] [Fast Refresh] done in 54ms @ http://localhost:3000/_next/static/chunks/1l_l_next_dist_1hdtlhn._.js:2477
[  511798ms] [LOG] [Fast Refresh] rebuilding @ http://localhost:3000/_next/static/chunks/1l_l_next_dist_1hdtlhn._.js:2477
[  511870ms] [LOG] [Fast Refresh] done in 51ms @ http://localhost:3000/_next/static/chunks/1l_l_next_dist_1hdtlhn._.js:2477
[  565982ms] [LOG] [Fast Refresh] rebuilding @ http://localhost:3000/_next/static/chunks/1l_l_next_dist_1hdtlhn._.js:2477
[  566014ms] [LOG] [Fast Refresh] done in 125ms @ http://localhost:3000/_next/static/chunks/1l_l_next_dist_1hdtlhn._.js:2477
[  566141ms] [LOG] [Fast Refresh] rebuilding @ http://localhost:3000/_next/static/chunks/1l_l_next_dist_1hdtlhn._.js:2477
[  566231ms] [LOG] [Fast Refresh] done in 192ms @ http://localhost:3000/_next/static/chunks/1l_l_next_dist_1hdtlhn._.js:2477
[  571593ms] [LOG] [Fast Refresh] rebuilding @ http://localhost:3000/_next/static/chunks/1l_l_next_dist_1hdtlhn._.js:2477
[  571730ms] [LOG] [Fast Refresh] done in 60ms @ http://localhost:3000/_next/static/chunks/1l_l_next_dist_1hdtlhn._.js:2477
[  578853ms] [LOG] [Fast Refresh] rebuilding @ http://localhost:3000/_next/static/chunks/1l_l_next_dist_1hdtlhn._.js:2477
[  578904ms] [LOG] [Fast Refresh] done in 62ms @ http://localhost:3000/_next/static/chunks/1l_l_next_dist_1hdtlhn._.js:2477
[  583592ms] [LOG] [Fast Refresh] rebuilding @ http://localhost:3000/_next/static/chunks/1l_l_next_dist_1hdtlhn._.js:2477
[  583648ms] [LOG] [Fast Refresh] done in 58ms @ http://localhost:3000/_next/static/chunks/1l_l_next_dist_1hdtlhn._.js:2477
[  592439ms] [LOG] [Fast Refresh] rebuilding @ http://localhost:3000/_next/static/chunks/1l_l_next_dist_1hdtlhn._.js:2477
[  592460ms] [LOG] [Fast Refresh] done in 56ms @ http://localhost:3000/_next/static/chunks/1l_l_next_dist_1hdtlhn._.js:2477
[  601672ms] [LOG] [Fast Refresh] rebuilding @ http://localhost:3000/_next/static/chunks/1l_l_next_dist_1hdtlhn._.js:2477
[  601723ms] [LOG] [Fast Refresh] done in 55ms @ http://localhost:3000/_next/static/chunks/1l_l_next_dist_1hdtlhn._.js:2477
[  614411ms] [LOG] [Fast Refresh] rebuilding @ http://localhost:3000/_next/static/chunks/1l_l_next_dist_1hdtlhn._.js:2477
[  614479ms] [LOG] [Fast Refresh] done in 67ms @ http://localhost:3000/_next/static/chunks/1l_l_next_dist_1hdtlhn._.js:2477
[  619855ms] [LOG] [Fast Refresh] rebuilding @ http://localhost:3000/_next/static/chunks/1l_l_next_dist_1hdtlhn._.js:2477
[  619919ms] [LOG] [Fast Refresh] done in 54ms @ http://localhost:3000/_next/static/chunks/1l_l_next_dist_1hdtlhn._.js:2477
[  629500ms] [LOG] [Fast Refresh] rebuilding @ http://localhost:3000/_next/static/chunks/1l_l_next_dist_1hdtlhn._.js:2477
[  629579ms] [LOG] [Fast Refresh] done in 63ms @ http://localhost:3000/_next/static/chunks/1l_l_next_dist_1hdtlhn._.js:2477
[  645631ms] [LOG] [Fast Refresh] rebuilding @ http://localhost:3000/_next/static/chunks/1l_l_next_dist_1hdtlhn._.js:2477
[  645695ms] [LOG] [Fast Refresh] done in 64ms @ http://localhost:3000/_next/static/chunks/1l_l_next_dist_1hdtlhn._.js:2477
[  683687ms] [LOG] [Fast Refresh] rebuilding @ http://localhost:3000/_next/static/chunks/1l_l_next_dist_1hdtlhn._.js:2477
[  683690ms] [LOG] [Fast Refresh] done in 105ms @ http://localhost:3000/_next/static/chunks/1l_l_next_dist_1hdtlhn._.js:2477
[  768527ms] [LOG] [Fast Refresh] rebuilding @ http://localhost:3000/_next/static/chunks/1l_l_next_dist_1hdtlhn._.js:2477
[  768576ms] [LOG] [Fast Refresh] done in 72ms @ http://localhost:3000/_next/static/chunks/1l_l_next_dist_1hdtlhn._.js:2477
[  911237ms] [LOG] [Fast Refresh] rebuilding @ http://localhost:3000/_next/static/chunks/1l_l_next_dist_1hdtlhn._.js:2477
[  911256ms] [LOG] [Fast Refresh] done in 120ms @ http://localhost:3000/_next/static/chunks/1l_l_next_dist_1hdtlhn._.js:2477
[ 1042174ms] [LOG] [Fast Refresh] rebuilding @ http://localhost:3000/_next/static/chunks/1l_l_next_dist_1hdtlhn._.js:2477
[ 1042219ms] [LOG] [Fast Refresh] done in 147ms @ http://localhost:3000/_next/static/chunks/1l_l_next_dist_1hdtlhn._.js:2477
