[     247ms] [INFO] %cDownload the React DevTools for a better development experience: https://react.dev/link/react-devtools font-weight:bold @ http://localhost:3000/_next/static/chunks/1l_l_next_dist_1hdtlhn._.js:2477
[     277ms] [LOG] [HMR] connected @ http://localhost:3000/_next/static/chunks/1l_l_next_dist_1hdtlhn._.js:2477
[  185523ms] [LOG] [Fast Refresh] rebuilding @ http://localhost:3000/_next/static/chunks/1l_l_next_dist_1hdtlhn._.js:2477
[  185571ms] [LOG] [Fast Refresh] done in 150ms @ http://localhost:3000/_next/static/chunks/1l_l_next_dist_1hdtlhn._.js:2477
[ 1213655ms] [LOG] [Fast Refresh] rebuilding @ http://localhost:3000/_next/static/chunks/1l_l_next_dist_1hdtlhn._.js:2477
[ 1214590ms] [LOG] [Fast Refresh] done in 546ms @ http://localhost:3000/_next/static/chunks/1l_l_next_dist_1hdtlhn._.js:2477
[ 1215458ms] [LOG] [Fast Refresh] rebuilding @ http://localhost:3000/_next/static/chunks/1l_l_next_dist_1hdtlhn._.js:2477
[ 1215848ms] [LOG] [Fast Refresh] done in 491ms @ http://localhost:3000/_next/static/chunks/1l_l_next_dist_1hdtlhn._.js:2477
[ 1216481ms] [LOG] [Fast Refresh] rebuilding @ http://localhost:3000/_next/static/chunks/1l_l_next_dist_1hdtlhn._.js:2477
[ 1216580ms] [LOG] [Fast Refresh] done in 201ms @ http://localhost:3000/_next/static/chunks/1l_l_next_dist_1hdtlhn._.js:2477
[ 1216868ms] [INFO] %cDownload the React DevTools for a better development experience: https://react.dev/link/react-devtools font-weight:bold @ http://localhost:3000/_next/static/chunks/1l_l_next_dist_1hdtlhn._.js:2477
[ 1216900ms] [LOG] [HMR] connected @ http://localhost:3000/_next/static/chunks/1l_l_next_dist_1hdtlhn._.js:2477
[ 1217040ms] [LOG] [Fast Refresh] rebuilding @ http://localhost:3000/_next/static/chunks/1l_l_next_dist_1hdtlhn._.js:2477
[ 1217040ms] [LOG] [Fast Refresh] done in 112ms @ http://localhost:3000/_next/static/chunks/1l_l_next_dist_1hdtlhn._.js:2477
[ 1217148ms] [LOG] [Fast Refresh] rebuilding @ http://localhost:3000/_next/static/chunks/1l_l_next_dist_1hdtlhn._.js:2477
[ 1217244ms] [LOG] [Fast Refresh] done in 198ms @ http://localhost:3000/_next/static/chunks/1l_l_next_dist_1hdtlhn._.js:2477
[ 1226296ms] [LOG] [Fast Refresh] rebuilding @ http://localhost:3000/_next/static/chunks/1l_l_next_dist_1hdtlhn._.js:2477
[ 1226454ms] [LOG] [Fast Refresh] done in 70ms @ http://localhost:3000/_next/static/chunks/1l_l_next_dist_1hdtlhn._.js:2477
[ 1233373ms] [LOG] [Fast Refresh] rebuilding @ http://localhost:3000/_next/static/chunks/1l_l_next_dist_1hdtlhn._.js:2477
[ 1233424ms] [LOG] [Fast Refresh] done in 83ms @ http://localhost:3000/_next/static/chunks/1l_l_next_dist_1hdtlhn._.js:2477
[ 1233493ms] ReferenceError: deadlineLabel is not defined
    at ClaimCard (http://localhost:3000/_next/static/chunks/Dropbox%20(Maestral)_smarthumans_ai_src_0p4eji8._.js?id=%255Bproject%255D%252FDropbox+%2528Maestral%2529%252Fsmarthumans.ai%252Fsrc%252Fcomponents%252Fclaim-card.tsx+%255Bapp-client%255D+%2528ecmascript%2529:84:75)
    at Object.react_stack_bottom_frame (http://localhost:3000/_next/static/chunks/1l_l_next_dist_compiled_react-dom_0xs73lw._.js:15037:24)
    at renderWithHooks (http://localhost:3000/_next/static/chunks/1l_l_next_dist_compiled_react-dom_0xs73lw._.js:4620:24)
    at updateFunctionComponent (http://localhost:3000/_next/static/chunks/1l_l_next_dist_compiled_react-dom_0xs73lw._.js:6081:21)
    at beginWork (http://localhost:3000/_next/static/chunks/1l_l_next_dist_compiled_react-dom_0xs73lw._.js:6691:24)
    at runWithFiberInDEV (http://localhost:3000/_next/static/chunks/1l_l_next_dist_compiled_react-dom_0xs73lw._.js:965:74)
    at performUnitOfWork (http://localhost:3000/_next/static/chunks/1l_l_next_dist_compiled_react-dom_0xs73lw._.js:9555:97)
    at workLoopSync (http://localhost:3000/_next/static/chunks/1l_l_next_dist_compiled_react-dom_0xs73lw._.js:9449:40)
    at renderRootSync (http://localhost:3000/_next/static/chunks/1l_l_next_dist_compiled_react-dom_0xs73lw._.js:9433:13)
    at performWorkOnRoot (http://localhost:3000/_next/static/chunks/1l_l_next_dist_compiled_react-dom_0xs73lw._.js:9061:186)
    at performSyncWorkOnRoot (http://localhost:3000/_next/static/chunks/1l_l_next_dist_compiled_react-dom_0xs73lw._.js:10263:9)
    at flushSyncWorkAcrossRoots_impl (http://localhost:3000/_next/static/chunks/1l_l_next_dist_compiled_react-dom_0xs73lw._.js:10179:316)
    at processRootScheduleInMicrotask (http://localhost:3000/_next/static/chunks/1l_l_next_dist_compiled_react-dom_0xs73lw._.js:10200:106)
    at http://localhost:3000/_next/static/chunks/1l_l_next_dist_compiled_react-dom_0xs73lw._.js:10274:158
[ 1233624ms] [LOG] [Fast Refresh] rebuilding @ http://localhost:3000/_next/static/chunks/1l_l_next_dist_1hdtlhn._.js:2477
[ 1233661ms] [LOG] [Fast Refresh] done in 138ms @ http://localhost:3000/_next/static/chunks/1l_l_next_dist_1hdtlhn._.js:2477
[ 1236093ms] [LOG] [Fast Refresh] rebuilding @ http://localhost:3000/_next/static/chunks/1l_l_next_dist_1hdtlhn._.js:2477
[ 1236106ms] [WARNING] [Fast Refresh] performing full reload because your application had an unrecoverable error @ http://localhost:3000/_next/static/chunks/1l_l_next_dist_1hdtlhn._.js:2477
[ 1236175ms] ReferenceError: deadlineLabel is not defined
    at ClaimCard (about://React/Server/file:///Users/joelei/Dropbox%2520(Maestral)/smarthumans.ai/.next/dev/server/chunks/ssr/%255Broot-of-the-server%255D__00ps8mf._.js?id=%255Bproject%255D%252FDropbox+%2528Maestral%2529%252Fsmarthumans.ai%252Fsrc%252Fcomponents%252Fclaim-card.tsx+%255Bapp-rsc%255D+%2528ecmascript%2529?193:83:45)
    at resolveErrorDev (http://localhost:3000/_next/static/chunks/1l_l_next_dist_compiled_react-server-dom-turbopack_1pd5eef._.js:1919:150)
    at processFullStringRow (http://localhost:3000/_next/static/chunks/1l_l_next_dist_compiled_react-server-dom-turbopack_1pd5eef._.js:2434:29)
    at processFullBinaryRow (http://localhost:3000/_next/static/chunks/1l_l_next_dist_compiled_react-server-dom-turbopack_1pd5eef._.js:2393:9)
    at processBinaryChunk (http://localhost:3000/_next/static/chunks/1l_l_next_dist_compiled_react-server-dom-turbopack_1pd5eef._.js:2502:221)
    at progress (http://localhost:3000/_next/static/chunks/1l_l_next_dist_compiled_react-server-dom-turbopack_1pd5eef._.js:2689:13)
[ 1236177ms] [LOG] [Fast Refresh] done in 45ms @ http://localhost:3000/_next/static/chunks/1l_l_next_dist_1hdtlhn._.js:2477
[ 1236393ms] [ERROR] Failed to load resource: the server responded with a status of 500 (Internal Server Error) @ http://localhost:3000/:0
[ 1236432ms] [INFO] %cDownload the React DevTools for a better development experience: https://react.dev/link/react-devtools font-weight:bold @ http://localhost:3000/_next/static/chunks/1l_l_next_dist_1hdtlhn._.js:2477
[ 1236448ms] [LOG] [HMR] connected @ http://localhost:3000/_next/static/chunks/1l_l_next_dist_1hdtlhn._.js:2477
[ 1236577ms] ReferenceError: countdown is not defined
    at ClaimCard (about://React/Server/file:///Users/joelei/Dropbox%2520(Maestral)/smarthumans.ai/.next/dev/server/chunks/ssr/%255Broot-of-the-server%255D__174czpj._.js?id=%255Bproject%255D%252FDropbox+%2528Maestral%2529%252Fsmarthumans.ai%252Fsrc%252Fcomponents%252Fclaim-card.tsx+%255Bapp-rsc%255D+%2528ecmascript%2529?148:184:43)
    at resolveErrorDev (http://localhost:3000/_next/static/chunks/1l_l_next_dist_compiled_react-server-dom-turbopack_1pd5eef._.js:1919:150)
    at processFullStringRow (http://localhost:3000/_next/static/chunks/1l_l_next_dist_compiled_react-server-dom-turbopack_1pd5eef._.js:2434:29)
    at processFullBinaryRow (http://localhost:3000/_next/static/chunks/1l_l_next_dist_compiled_react-server-dom-turbopack_1pd5eef._.js:2393:9)
    at processBinaryChunk (http://localhost:3000/_next/static/chunks/1l_l_next_dist_compiled_react-server-dom-turbopack_1pd5eef._.js:2502:221)
    at progress (http://localhost:3000/_next/static/chunks/1l_l_next_dist_compiled_react-server-dom-turbopack_1pd5eef._.js:2689:13)
[ 1238910ms] [LOG] [Fast Refresh] rebuilding @ http://localhost:3000/_next/static/chunks/1l_l_next_dist_1hdtlhn._.js:2477
[ 1238919ms] [WARNING] [Fast Refresh] performing full reload because your application had an unrecoverable error @ http://localhost:3000/_next/static/chunks/1l_l_next_dist_1hdtlhn._.js:2477
[ 1238968ms] [LOG] [Fast Refresh] done in 53ms @ http://localhost:3000/_next/static/chunks/1l_l_next_dist_1hdtlhn._.js:2477
[ 1239134ms] [ERROR] Failed to load resource: the server responded with a status of 500 (Internal Server Error) @ http://localhost:3000/:0
[ 1239164ms] [INFO] %cDownload the React DevTools for a better development experience: https://react.dev/link/react-devtools font-weight:bold @ http://localhost:3000/_next/static/chunks/1l_l_next_dist_1hdtlhn._.js:2477
[ 1239178ms] [LOG] [HMR] connected @ http://localhost:3000/_next/static/chunks/1l_l_next_dist_1hdtlhn._.js:2477
[ 1239286ms] ReferenceError: countdown is not defined
    at ClaimCard (about://React/Server/file:///Users/joelei/Dropbox%2520(Maestral)/smarthumans.ai/.next/dev/server/chunks/ssr/%255Broot-of-the-server%255D__00ps8mf._.js?id=%255Bproject%255D%252FDropbox+%2528Maestral%2529%252Fsmarthumans.ai%252Fsrc%252Fcomponents%252Fclaim-card.tsx+%255Bapp-rsc%255D+%2528ecmascript%2529?0:279:35)
    at resolveErrorDev (http://localhost:3000/_next/static/chunks/1l_l_next_dist_compiled_react-server-dom-turbopack_1pd5eef._.js:1919:105)
    at processFullStringRow (http://localhost:3000/_next/static/chunks/1l_l_next_dist_compiled_react-server-dom-turbopack_1pd5eef._.js:2434:29)
    at processFullBinaryRow (http://localhost:3000/_next/static/chunks/1l_l_next_dist_compiled_react-server-dom-turbopack_1pd5eef._.js:2393:9)
    at processBinaryChunk (http://localhost:3000/_next/static/chunks/1l_l_next_dist_compiled_react-server-dom-turbopack_1pd5eef._.js:2502:221)
    at progress (http://localhost:3000/_next/static/chunks/1l_l_next_dist_compiled_react-server-dom-turbopack_1pd5eef._.js:2689:13)
[ 1242059ms] [LOG] [Fast Refresh] rebuilding @ http://localhost:3000/_next/static/chunks/1l_l_next_dist_1hdtlhn._.js:2477
[ 1242068ms] [WARNING] [Fast Refresh] performing full reload because your application had an unrecoverable error @ http://localhost:3000/_next/static/chunks/1l_l_next_dist_1hdtlhn._.js:2477
[ 1242134ms] [LOG] [Fast Refresh] done in 34ms @ http://localhost:3000/_next/static/chunks/1l_l_next_dist_1hdtlhn._.js:2477
[ 1242365ms] [INFO] %cDownload the React DevTools for a better development experience: https://react.dev/link/react-devtools font-weight:bold @ http://localhost:3000/_next/static/chunks/1l_l_next_dist_1hdtlhn._.js:2477
[ 1242404ms] [LOG] [HMR] connected @ http://localhost:3000/_next/static/chunks/1l_l_next_dist_1hdtlhn._.js:2477
