[     169ms] [LOG] [Fast Refresh] rebuilding @ http://localhost:3000/_next/static/chunks/1l_l_next_dist_1hdtlhn._.js:2477
[     170ms] [LOG] [Fast Refresh] done in 103ms @ http://localhost:3000/_next/static/chunks/1l_l_next_dist_1hdtlhn._.js:2477
[     323ms] [INFO] %cDownload the React DevTools for a better development experience: https://react.dev/link/react-devtools font-weight:bold @ http://localhost:3000/_next/static/chunks/1l_l_next_dist_1hdtlhn._.js:2477
[     345ms] [LOG] [HMR] connected @ http://localhost:3000/_next/static/chunks/1l_l_next_dist_1hdtlhn._.js:2477
[   47584ms] [LOG] %clow-contrast%c 3.5:1 (need 4.5:1) — text #8b8579 on #faf9f6 color: oklch(84% 0.19 80.46); font-weight: bold color: inherit JSHandle@node @ http://localhost:3000/_next/static/chunks/1l_l_next_dist_1hdtlhn._.js:2477
[   47584ms] [LOG] %clow-contrast%c 3.5:1 (need 4.5:1) — text #8b8579 on #faf9f6 color: oklch(84% 0.19 80.46); font-weight: bold color: inherit JSHandle@node @ http://localhost:3000/_next/static/chunks/1l_l_next_dist_1hdtlhn._.js:2477
[   47584ms] [LOG] %cline-length%c ~96 chars/line (aim for <80) color: oklch(84% 0.19 80.46); font-weight: bold color: inherit JSHandle@node @ http://localhost:3000/_next/static/chunks/1l_l_next_dist_1hdtlhn._.js:2477
[   47584ms] [LOG] %ctext-overflow%c text.fill-muted-foreground.text-[11px] overflows its box by 17px color: oklch(84% 0.19 80.46); font-weight: bold color: inherit JSHandle@node @ http://localhost:3000/_next/static/chunks/1l_l_next_dist_1hdtlhn._.js:2477
[   47586ms] [LOG] %clow-contrast%c 3.5:1 (need 4.5:1) — text #8b8579 on #faf9f6 color: oklch(84% 0.19 80.46); font-weight: bold color: inherit JSHandle@node @ http://localhost:3000/_next/static/chunks/1l_l_next_dist_1hdtlhn._.js:2477
[   47586ms] [LOG] %clow-contrast%c 3.5:1 (need 4.5:1) — text #8b8579 on #faf9f6 color: oklch(84% 0.19 80.46); font-weight: bold color: inherit JSHandle@node @ http://localhost:3000/_next/static/chunks/1l_l_next_dist_1hdtlhn._.js:2477
[   47586ms] [LOG] %call-caps-body%c text-transform: uppercase on 31 chars of body text color: oklch(84% 0.19 80.46); font-weight: bold color: inherit JSHandle@node @ http://localhost:3000/_next/static/chunks/1l_l_next_dist_1hdtlhn._.js:2477
[   47586ms] [LOG] %clow-contrast%c 3.5:1 (need 4.5:1) — text #8b8579 on #faf9f6 color: oklch(84% 0.19 80.46); font-weight: bold color: inherit JSHandle@node @ http://localhost:3000/_next/static/chunks/1l_l_next_dist_1hdtlhn._.js:2477
[   47587ms] [LOG] %clow-contrast%c 3.5:1 (need 4.5:1) — text #8b8579 on #faf9f6 color: oklch(84% 0.19 80.46); font-weight: bold color: inherit JSHandle@node @ http://localhost:3000/_next/static/chunks/1l_l_next_dist_1hdtlhn._.js:2477
[   47587ms] [LOG] %clow-contrast%c 3.5:1 (need 4.5:1) — text #8b8579 on #faf9f6 color: oklch(84% 0.19 80.46); font-weight: bold color: inherit JSHandle@node @ http://localhost:3000/_next/static/chunks/1l_l_next_dist_1hdtlhn._.js:2477
[   47587ms] [LOG] %clow-contrast%c 3.5:1 (need 4.5:1) — text #8b8579 on #faf9f6 color: oklch(84% 0.19 80.46); font-weight: bold color: inherit JSHandle@node @ http://localhost:3000/_next/static/chunks/1l_l_next_dist_1hdtlhn._.js:2477
[   47587ms] [LOG] %clow-contrast%c 3.5:1 (need 4.5:1) — text #8b8579 on #faf9f6 color: oklch(84% 0.19 80.46); font-weight: bold color: inherit JSHandle@node @ http://localhost:3000/_next/static/chunks/1l_l_next_dist_1hdtlhn._.js:2477
[   47587ms] [LOG] %clow-contrast%c 3.7:1 (need 4.5:1) — text #8b8579 on #ffffff color: oklch(84% 0.19 80.46); font-weight: bold color: inherit JSHandle@node @ http://localhost:3000/_next/static/chunks/1l_l_next_dist_1hdtlhn._.js:2477
[   47587ms] [LOG] %ccramped-padding%c <span> "inline-flex": children flush against bg on top/bottom (no inset) color: oklch(84% 0.19 80.46); font-weight: bold color: inherit JSHandle@node @ http://localhost:3000/_next/static/chunks/1l_l_next_dist_1hdtlhn._.js:2477
[   47587ms] [LOG] %clow-contrast%c 3.7:1 (need 4.5:1) — text #8b8579 on #ffffff color: oklch(84% 0.19 80.46); font-weight: bold color: inherit JSHandle@node @ http://localhost:3000/_next/static/chunks/1l_l_next_dist_1hdtlhn._.js:2477
[   47587ms] [LOG] %ccramped-padding%c <span> "inline-flex": children flush against bg on top/bottom (no inset) color: oklch(84% 0.19 80.46); font-weight: bold color: inherit JSHandle@node @ http://localhost:3000/_next/static/chunks/1l_l_next_dist_1hdtlhn._.js:2477
[   47587ms] [LOG] %clow-contrast%c 3.5:1 (need 4.5:1) — text #8b8579 on #faf9f6 color: oklch(84% 0.19 80.46); font-weight: bold color: inherit JSHandle@node @ http://localhost:3000/_next/static/chunks/1l_l_next_dist_1hdtlhn._.js:2477
[   47587ms] [LOG] %clow-contrast%c 4.5:1 (need 4.5:1) — text #15803d on #e7f6ec color: oklch(84% 0.19 80.46); font-weight: bold color: inherit JSHandle@node @ http://localhost:3000/_next/static/chunks/1l_l_next_dist_1hdtlhn._.js:2477
[   47587ms] [LOG] %clow-contrast%c 3.3:1 (need 4.5:1) — text #8b8579 on #f4f2ec color: oklch(84% 0.19 80.46); font-weight: bold color: inherit JSHandle@node @ http://localhost:3000/_next/static/chunks/1l_l_next_dist_1hdtlhn._.js:2477
[   47587ms] [LOG] %clow-contrast%c 3.3:1 (need 4.5:1) — text #8b8579 on #f4f2ec color: oklch(84% 0.19 80.46); font-weight: bold color: inherit JSHandle@node @ http://localhost:3000/_next/static/chunks/1l_l_next_dist_1hdtlhn._.js:2477
[   47587ms] [LOG] %clow-contrast%c 3.3:1 (need 4.5:1) — text #8b8579 on #f4f2ec color: oklch(84% 0.19 80.46); font-weight: bold color: inherit JSHandle@node @ http://localhost:3000/_next/static/chunks/1l_l_next_dist_1hdtlhn._.js:2477
[   47587ms] [LOG] %clow-contrast%c 3.3:1 (need 4.5:1) — text #8b8579 on #f4f2ec color: oklch(84% 0.19 80.46); font-weight: bold color: inherit JSHandle@node @ http://localhost:3000/_next/static/chunks/1l_l_next_dist_1hdtlhn._.js:2477
[   47587ms] [LOG] %coverused-font%c Primary font: inter (78% of text) color: oklch(84% 0.19 80.46); font-weight: bold color: inherit JSHandle@node @ http://localhost:3000/_next/static/chunks/1l_l_next_dist_1hdtlhn._.js:2477
